// Jest Snapshot v1, https://goo.gl/fbAQLP

exports[`cli-options parseArgs returns defaults based on argv 1`] = `
Object {
  "lighthouse": Object {
    "cpu-slow-down": 4,
    "cpuSlowDown": 4,
    "enabled": false,
  },
  "output": Object {
    "jsonl": false,
    "save-assets": false,
    "saveAssets": false,
  },
  "runs": 1,
  "strategy": "mobile",
  "url": "https://www.google.com",
}
`;
