// Jest Snapshot v1, https://goo.gl/fbAQLP

exports[`run-lighthouse runLightHouse launches chrome and runs Lighthouse 1`] = `
Array [
  Object {
    "chromeFlags": Array [
      "--headless",
    ],
  },
]
`;

exports[`run-lighthouse runLightHouse launches chrome and runs Lighthouse 2`] = `
Array [
  "https://www.google.com",
  Object {
    "port": 1234,
    "throttling": Object {
      "cpuSlowdownMultiplier": 4,
    },
  },
  Object {
    "extends": "lighthouse/lighthouse-core/config/lr-mobile-config.js",
    "settings": Object {
      "onlyAudits": Array [
        "first-contentful-paint",
        "speed-index",
        "largest-contentful-paint",
        "interactive",
        "total-blocking-time",
        "cumulative-layout-shift",
      ],
    },
  },
]
`;
