// Jest Snapshot v1, https://goo.gl/fbAQLP

exports[`save-assets saves report and artifacts 1`] = `
Array [
  "resolvedPath.report.json",
  "{
  \\"audits\\": {}
}",
  "utf-8",
]
`;

exports[`save-assets saves report only if no artifacts 1`] = `
Array [
  "resolvedPath.report.json",
  "{
  \\"audits\\": {}
}",
  "utf-8",
]
`;
