// Jest Snapshot v1, https://goo.gl/fbAQLP

exports[`stats returns expected stats 1`] = `
Array [
  Object {
    "CLS": 0.05,
    "FCP": 1.5,
    "LCP": 3.5,
    "SI": 2.5,
    "TBT": 5.5,
    "TTI": 6.5,
    "name": "median",
    "score": 85,
  },
  Object {
    "CLS": 0.07071067811865477,
    "FCP": 0.7071067811865476,
    "LCP": 0.7071067811865476,
    "SI": 0.7071067811865476,
    "TBT": 0.7071067811865476,
    "TTI": 0.7071067811865476,
    "name": "stddev",
    "score": 7.0710678118654755,
  },
  Object {
    "CLS": 0,
    "FCP": 1,
    "LCP": 3,
    "SI": 2,
    "TBT": 5,
    "TTI": 6,
    "name": "min",
    "score": 80,
  },
  Object {
    "CLS": 0.1,
    "FCP": 2,
    "LCP": 4,
    "SI": 3,
    "TBT": 6,
    "TTI": 7,
    "name": "max",
    "score": 90,
  },
]
`;
